2025-06-09 14:03:25,647 - __main__ - INFO - åº”ç”¨å°†åœ¨ http://192.168.3.14:5000 ä¸Šè¿è¡Œ
2025-06-09 14:03:25,648 - __main__ - INFO - ä¹Ÿå¯ä»¥é€šè¿‡ http://localhost:5000 è®¿é—®
2025-06-09 14:03:26,485 - werkzeug - INFO - [31m[1mWARNING: This is a development server. Do not use it in a production deployment. Use a production WSGI server instead.[0m
 * Running on all addresses (0.0.0.0)
 * Running on http://127.0.0.1:5000
 * Running on http://192.168.3.14:5000
2025-06-09 14:03:26,486 - werkzeug - INFO - [33mPress CTRL+C to quit[0m
2025-06-09 14:03:26,488 - werkzeug - INFO -  * Restarting with stat
2025-06-09 14:03:32,738 - __main__ - WARNING - ç«¯å£ 5000 å·²è¢«å ç”¨ï¼Œå°è¯•ä½¿ç”¨ 5001
2025-06-09 14:03:32,739 - __main__ - INFO - åº”ç”¨å°†åœ¨ http://192.168.3.14:5001 ä¸Šè¿è¡Œ
2025-06-09 14:03:32,739 - __main__ - INFO - ä¹Ÿå¯ä»¥é€šè¿‡ http://localhost:5001 è®¿é—®
2025-06-09 14:03:32,853 - werkzeug - WARNING -  * Debugger is active!
2025-06-09 14:03:32,933 - werkzeug - INFO -  * Debugger PIN: 534-918-941
2025-06-09 14:04:33,049 - werkzeug - INFO - 192.168.3.14 - - [09/Jun/2025 14:04:33] "GET / HTTP/1.1" 200 -
2025-06-09 14:04:41,200 - werkzeug - INFO - 192.168.3.14 - - [09/Jun/2025 14:04:41] "[33mGET /favicon.ico HTTP/1.1[0m" 404 -
2025-06-09 14:04:52,331 - __main__ - INFO - æ–‡ä»¶å·²ä¿å­˜: uploads/b31c567c-2271-4e62-9fca-f58ed998ff71_.xlsx
2025-06-09 14:04:53,449 - __main__ - ERROR - åˆ†æè¿‡ç¨‹ä¸­å‡ºé”™: è¯»å–Excelæ–‡ä»¶å¤±è´¥: Excelæ–‡ä»¶ä¸­æœªæ‰¾åˆ°æ ‡é¢˜åˆ—ï¼Œè¯·ç¡®ä¿åŒ…å«ä»¥ä¸‹åˆ—åä¹‹ä¸€: æ ‡é¢˜, å•†å“æ ‡é¢˜, product_title, title
Traceback (most recent call last):
  File "/Users/a/Library/Containers/com.tencent.xinWeChat/Data/Library/Application Support/com.tencent.xinWeChat/2.0b4.0.9/6c75a0fd8a8c06ba657395dcbcb8b25f/Message/MessageTemp/1235d1de6e60aec06dd8c6efb705c246/File/pdd_keyword/pdd_title_analysis.py", line 50, in read_excel_file
    raise ValueError("Excelæ–‡ä»¶ä¸­æœªæ‰¾åˆ°æ ‡é¢˜åˆ—ï¼Œè¯·ç¡®ä¿åŒ…å«ä»¥ä¸‹åˆ—åä¹‹ä¸€: " + ", ".join(possible_columns))
ValueError: Excelæ–‡ä»¶ä¸­æœªæ‰¾åˆ°æ ‡é¢˜åˆ—ï¼Œè¯·ç¡®ä¿åŒ…å«ä»¥ä¸‹åˆ—åä¹‹ä¸€: æ ‡é¢˜, å•†å“æ ‡é¢˜, product_title, title

During handling of the above exception, another exception occurred:

Traceback (most recent call last):
  File "/Users/a/Library/Containers/com.tencent.xinWeChat/Data/Library/Application Support/com.tencent.xinWeChat/2.0b4.0.9/6c75a0fd8a8c06ba657395dcbcb8b25f/Message/MessageTemp/1235d1de6e60aec06dd8c6efb705c246/File/pdd_keyword/app.py", line 66, in upload
    top_20, wordcloud_base64 = analyze_file(file_path)
                               ^^^^^^^^^^^^^^^^^^^^^^^
  File "/Users/a/Library/Containers/com.tencent.xinWeChat/Data/Library/Application Support/com.tencent.xinWeChat/2.0b4.0.9/6c75a0fd8a8c06ba657395dcbcb8b25f/Message/MessageTemp/1235d1de6e60aec06dd8c6efb705c246/File/pdd_keyword/pdd_title_analysis.py", line 174, in analyze_file
    titles = read_excel_file(file_path)
             ^^^^^^^^^^^^^^^^^^^^^^^^^^
  File "/Users/a/Library/Containers/com.tencent.xinWeChat/Data/Library/Application Support/com.tencent.xinWeChat/2.0b4.0.9/6c75a0fd8a8c06ba657395dcbcb8b25f/Message/MessageTemp/1235d1de6e60aec06dd8c6efb705c246/File/pdd_keyword/pdd_title_analysis.py", line 55, in read_excel_file
    raise ValueError(f"è¯»å–Excelæ–‡ä»¶å¤±è´¥: {str(e)}")
ValueError: è¯»å–Excelæ–‡ä»¶å¤±è´¥: Excelæ–‡ä»¶ä¸­æœªæ‰¾åˆ°æ ‡é¢˜åˆ—ï¼Œè¯·ç¡®ä¿åŒ…å«ä»¥ä¸‹åˆ—åä¹‹ä¸€: æ ‡é¢˜, å•†å“æ ‡é¢˜, product_title, title
2025-06-09 14:04:53,466 - __main__ - INFO - ä¸´æ—¶æ–‡ä»¶å·²åˆ é™¤: uploads/b31c567c-2271-4e62-9fca-f58ed998ff71_.xlsx
2025-06-09 14:04:53,466 - werkzeug - INFO - 192.168.3.14 - - [09/Jun/2025 14:04:53] "[35m[1mPOST /upload HTTP/1.1[0m" 500 -
